---
source: tests/cli_snapshots.rs
expression: "run(&[\"--yes\", \"transactions\", \"assign-recurring\", \"txn_1\", \"--recurring-id\",\n\"rec_1\",])"
---
╭────────────┬───────┬──────────┬──────────┬───────────┬──────┬──────╮
│ date       ┆ name  ┆ amount   ┆ reviewed ┆ category  ┆ tags ┆ type │
╞════════════╪═══════╪══════════╪══════════╪═══════════╪══════╪══════╡
│ 2025-12-15 ┆ Venmo ┆ -$100.00 ┆          ┆ cat_other ┆      ┆      │
╰────────────┴───────┴──────────┴──────────┴───────────┴──────┴──────╯
