---
source: tests/cli_snapshots.rs
expression: "run(&[\"transactions\", \"search\", \"amazon\"])"
---
╭───────┬────────────┬────────────┬────────┬──────────┬─────────────╮
│ id    │ date       │ name       │ amount │ reviewed │ category_id │
├───────┼────────────┼────────────┼────────┼──────────┼─────────────┤
│ txn_2 │ 2025-12-15 │ Amazon.com │ -57.48 │ true     │ cat_shops   │
╰───────┴────────────┴────────────┴────────┴──────────┴─────────────╯
