---
source: tests/cli_snapshots.rs
expression: "run(&[\"categories\", \"list\"])"
---
╭───────────┬───────┬───────────┬──────────┬────────────────╮
│ id        ┆ name  ┆ parent_id ┆ excluded ┆ can_be_deleted │
╞═══════════╪═══════╪═══════════╪══════════╪════════════════╡
│ cat_other ┆ Other ┆           ┆ false    ┆ false          │
├╌╌╌╌╌╌╌╌╌╌╌┼╌╌╌╌╌╌╌┼╌╌╌╌╌╌╌╌╌╌╌┼╌╌╌╌╌╌╌╌╌╌┼╌╌╌╌╌╌╌╌╌╌╌╌╌╌╌╌┤
│ cat_shops ┆ Shops ┆           ┆ false    ┆ false          │
╰───────────┴───────┴───────────┴──────────┴────────────────╯
