---
source: tests/cli_snapshots.rs
expression: "run(&[\"--yes\", \"recurrings\", \"edit\", \"rec_1\", \"--name-contains\", \"rent\",\n\"--min-amount\", \"10\", \"--max-amount\", \"5000\",\n\"--recalculate-only-for-future\",])"
---
╭─────────────┬─────────────╮
│ key         ┆ value       │
╞═════════════╪═════════════╡
│ id          ┆ rec_1       │
├╌╌╌╌╌╌╌╌╌╌╌╌╌┼╌╌╌╌╌╌╌╌╌╌╌╌╌┤
│ name        ┆ Rent        │
├╌╌╌╌╌╌╌╌╌╌╌╌╌┼╌╌╌╌╌╌╌╌╌╌╌╌╌┤
│ frequency   ┆ MONTHLY     │
├╌╌╌╌╌╌╌╌╌╌╌╌╌┼╌╌╌╌╌╌╌╌╌╌╌╌╌┤
│ category_id ┆ cat_housing │
╰─────────────┴─────────────╯
