---
source: tests/cli_snapshots.rs
expression: "run(&[\"--yes\", \"transactions\", \"edit\", \"txn_1\", \"--type\",\n\"internal-transfer\",])"
---
╭────────────┬───────┬──────────┬──────────┬───────────┬──────┬──────╮
│ date       ┆ name  ┆ amount   ┆ reviewed ┆ category  ┆ tags ┆ type │
╞════════════╪═══════╪══════════╪══════════╪═══════════╪══════╪══════╡
│ 2025-12-15 ┆ Venmo ┆ -$100.00 ┆          ┆ cat_other ┆      ┆      │
╰────────────┴───────┴──────────┴──────────┴───────────┴──────┴──────╯
