---
source: tests/cli_snapshots.rs
expression: "run(&[\"transactions\", \"list\"])"
---
╭───────┬────────────┬────────────┬─────────┬──────────┬─────────────╮
│ id    │ date       │ name       │ amount  │ reviewed │ category_id │
├───────┼────────────┼────────────┼─────────┼──────────┼─────────────┤
│ txn_1 │ 2025-12-15 │ Venmo      │ -100.00 │ false    │ cat_other   │
│ txn_2 │ 2025-12-15 │ Amazon.com │ -57.48  │ true     │ cat_shops   │
╰───────┴────────────┴────────────┴─────────┴──────────┴─────────────╯
