---
source: tests/cli_snapshots.rs
assertion_line: 99
expression: "run(&[\"recurrings\", \"list\"])"
---
╭───────┬──────────┬───────────┬───────────────╮
│ id    ┆ name     ┆ frequency ┆ category_id   │
╞═══════╪══════════╪═══════════╪═══════════════╡
│ rec_1 ┆ Rent     ┆ MONTHLY   ┆ cat_housing   │
├╌╌╌╌╌╌╌┼╌╌╌╌╌╌╌╌╌╌┼╌╌╌╌╌╌╌╌╌╌╌┼╌╌╌╌╌╌╌╌╌╌╌╌╌╌╌┤
│ rec_2 ┆ Internet ┆ MONTHLY   ┆ cat_utilities │
╰───────┴──────────┴───────────┴───────────────╯
