---
source: tests/cli_snapshots.rs
expression: "run(&[\"--yes\", \"categories\", \"create\", \"New Category\", \"--emoji\", \"😀\",\n\"--color-name\", \"BLUE1\",])"
---
╭─────────────┬──────────────╮
│ key         ┆ value        │
╞═════════════╪══════════════╡
│ id          ┆ cat_new      │
├╌╌╌╌╌╌╌╌╌╌╌╌╌┼╌╌╌╌╌╌╌╌╌╌╌╌╌╌┤
│ name        ┆ New Category │
├╌╌╌╌╌╌╌╌╌╌╌╌╌┼╌╌╌╌╌╌╌╌╌╌╌╌╌╌┤
│ is_excluded ┆ false        │
├╌╌╌╌╌╌╌╌╌╌╌╌╌┼╌╌╌╌╌╌╌╌╌╌╌╌╌╌┤
│ template_id ┆              │
├╌╌╌╌╌╌╌╌╌╌╌╌╌┼╌╌╌╌╌╌╌╌╌╌╌╌╌╌┤
│ color_name  ┆ BLUE1        │
╰─────────────┴──────────────╯
